<html>
<body>
<pre>
<h1>µVision Build Log</h1>
<h2>Project:</h2>
E:\v23be6n1\v23be6n1\ARM\Project\NodeB.uvproj
Project File Date:  05/02/2024

<h2>Output:</h2>
Build target 'Target 1'
assembling Startup.s...
compiling can2_driver.c...
compiling can_main.c...
node2\can_main.c(13): warning:  #223-D: function "config_vic_for_can2" declared implicitly
node2\can_main.c(14): warning:  #223-D: function "en_can2_interrupt" declared implicitly
compiling can2_interrupt.c...
compiling delay_gen.c...
compiling uart0_interuupt.c...
compiling uart_driver.c...
linking...
Program Size: Code=2988 RO-data=92 RW-data=20 ZI-data=1276  
FromELF: creating hex file...
"NodeB.axf" - 0 Error(s), 2 Warning(s).
Build target 'Target 1'
assembling Startup.s...
compiling can2_driver.c...
compiling can_main.c...
node2\can_main.c(13): warning:  #223-D: function "config_vic_for_can2" declared implicitly
node2\can_main.c(14): warning:  #223-D: function "en_can2_interrupt" declared implicitly
compiling can2_interrupt.c...
compiling delay_gen.c...
compiling uart0_interuupt.c...
compiling uart_driver.c...
linking...
Program Size: Code=2988 RO-data=92 RW-data=20 ZI-data=1276  
FromELF: creating hex file...
"NodeB.axf" - 0 Error(s), 2 Warning(s).
